// Jest Snapshot v1, https://goo.gl/fbAQLP

exports[`renders correctly 1`] = `
ShallowWrapper {
  "length": 1,
  Symbol(enzyme.__root__): [Circular],
  Symbol(enzyme.__unrendered__): <Unknown />,
  Symbol(enzyme.__renderer__): Object {
    "batchedUpdates": [Function],
    "getNode": [Function],
    "render": [Function],
    "simulateEvent": [Function],
    "unmount": [Function],
  },
  Symbol(enzyme.__node__): Object {
    "instance": null,
    "key": null,
    "nodeType": "class",
    "props": Object {
      "children": Array [
        <Lights
          counter={undefined}
          lightSequence={undefined}
          playerTurn={undefined}
          power={undefined}
          startGameThunk={undefined}
          toggleGamePowerAction={undefined}
/>,
        <Unknown
          counter={undefined}
          power={undefined}
          startGameThunk={undefined}
          toggleGamePowerAction={undefined}
/>,
      ],
    },
    "ref": null,
    "rendered": Array [
      Object {
        "instance": null,
        "key": null,
        "nodeType": "class",
        "props": Object {
          "counter": undefined,
          "lightSequence": undefined,
          "playerTurn": undefined,
          "power": undefined,
          "startGameThunk": undefined,
          "toggleGamePowerAction": undefined,
        },
        "ref": null,
        "rendered": null,
        "type": [Function],
      },
      Object {
        "instance": null,
        "key": null,
        "nodeType": "function",
        "props": Object {
          "counter": undefined,
          "power": undefined,
          "startGameThunk": undefined,
          "toggleGamePowerAction": undefined,
        },
        "ref": null,
        "rendered": null,
        "type": [Function],
      },
    ],
    "type": [Function],
  },
  Symbol(enzyme.__nodes__): Array [
    Object {
      "instance": null,
      "key": null,
      "nodeType": "class",
      "props": Object {
        "children": Array [
          <Lights
            counter={undefined}
            lightSequence={undefined}
            playerTurn={undefined}
            power={undefined}
            startGameThunk={undefined}
            toggleGamePowerAction={undefined}
/>,
          <Unknown
            counter={undefined}
            power={undefined}
            startGameThunk={undefined}
            toggleGamePowerAction={undefined}
/>,
        ],
      },
      "ref": null,
      "rendered": Array [
        Object {
          "instance": null,
          "key": null,
          "nodeType": "class",
          "props": Object {
            "counter": undefined,
            "lightSequence": undefined,
            "playerTurn": undefined,
            "power": undefined,
            "startGameThunk": undefined,
            "toggleGamePowerAction": undefined,
          },
          "ref": null,
          "rendered": null,
          "type": [Function],
        },
        Object {
          "instance": null,
          "key": null,
          "nodeType": "function",
          "props": Object {
            "counter": undefined,
            "power": undefined,
            "startGameThunk": undefined,
            "toggleGamePowerAction": undefined,
          },
          "ref": null,
          "rendered": null,
          "type": [Function],
        },
      ],
      "type": [Function],
    },
  ],
  Symbol(enzyme.__options__): Object {
    "adapter": ReactSixteenAdapter {
      "options": Object {
        "enableComponentDidUpdateOnSetState": true,
      },
    },
  },
}
`;
